../Core/Src/main.c:88:5:main	8	static
../Core/Src/main.c:143:6:SystemClock_Config	96	static
../Core/Src/main.c:194:13:MX_I2C1_Init	8	static
../Core/Src/main.c:242:13:MX_UART4_Init	8	static
../Core/Src/main.c:275:13:MX_DMA_Init	16	static
../Core/Src/main.c:293:13:MX_GPIO_Init	40	static
../Core/Src/main.c:320:6:HAL_UARTEx_RxEventCallback	272	static
../Core/Src/main.c:347:6:blinkMorseCode	80	static
../Core/Src/main.c:382:6:textToMorse	32	static
../Core/Src/main.c:409:6:processMorseCode	16	static
../Core/Src/main.c:422:6:Error_Handler	4	static,ignoring_inline_asm
